c:\users\nigel\source\repos\improved_combat_system\improved_combat_system\x64\debug\vc145.pdb
c:\users\nigel\source\repos\improved_combat_system\improved_combat_system\x64\debug\vc145.idb
c:\users\nigel\source\repos\improved_combat_system\improved_combat_system\x64\debug\status_effects.obj
c:\users\nigel\source\repos\improved_combat_system\improved_combat_system\x64\debug\main.obj
c:\users\nigel\source\repos\improved_combat_system\improved_combat_system\x64\debug\items.obj
c:\users\nigel\source\repos\improved_combat_system\improved_combat_system\x64\debug\input_command.obj
c:\users\nigel\source\repos\improved_combat_system\improved_combat_system\x64\debug\combatant.obj
c:\users\nigel\source\repos\improved_combat_system\improved_combat_system\x64\debug\combat_manager.obj
c:\users\nigel\source\repos\improved_combat_system\improved_combat_system\x64\debug\ability.obj
c:\users\nigel\source\repos\improved_combat_system\x64\debug\improved_combat_system.exe
c:\users\nigel\source\repos\improved_combat_system\x64\debug\improved_combat_system.pdb
c:\users\nigel\source\repos\improved_combat_system\improved_combat_system\x64\debug\improved_combat_system.ilk
c:\users\nigel\source\repos\improved_combat_system\improved_combat_system\x64\debug\improved.6b033970.tlog\cl.command.1.tlog
c:\users\nigel\source\repos\improved_combat_system\improved_combat_system\x64\debug\improved.6b033970.tlog\cl.items.tlog
c:\users\nigel\source\repos\improved_combat_system\improved_combat_system\x64\debug\improved.6b033970.tlog\cl.read.1.tlog
c:\users\nigel\source\repos\improved_combat_system\improved_combat_system\x64\debug\improved.6b033970.tlog\cl.write.1.tlog
c:\users\nigel\source\repos\improved_combat_system\improved_combat_system\x64\debug\improved.6b033970.tlog\link.command.1.tlog
c:\users\nigel\source\repos\improved_combat_system\improved_combat_system\x64\debug\improved.6b033970.tlog\link.read.1.tlog
c:\users\nigel\source\repos\improved_combat_system\improved_combat_system\x64\debug\improved.6b033970.tlog\link.secondary.1.tlog
c:\users\nigel\source\repos\improved_combat_system\improved_combat_system\x64\debug\improved.6b033970.tlog\link.write.1.tlog
